// Vitest Snapshot v1

exports[`utils/cli > render help text 1`] = `
"
[1m[36mpushoo-cli[39m[22m - a command line tool with Pushoo.js pushes multiple platform messages.

[1mUsage:[22m
  [36mpushoo[39m [options]
  [36mpushoo[39m --help
  [36mpushoo[39m --version
  [36mpushoo[39m \\"hello world\\"
  [36mpushoo[39m -C \\"hello world\\"
  [36mpushoo[39m -c ./pushoo.yml -C \\"hello world\\"
  [36mpushoo[39m -P wecom -K wecom_token -C \\"hello world\\"

[1mCommands:[22m
  [36mconfig[39m                              Create default configuration file.

[1mOptions:[22m
  [36m-h, --help[39m                          Shows help.
  [36m-d, --debug[39m                         Show debugging information.
  [36m-v, --version[39m                       Print version of pushoo-cli.
  [36m-c, --config[39m                        Optional, Specify the configuration file path.
  [36m-C, --content[39m                       Required, The push content of the Markdown format.
  [36m-P, --platforms[39m                     Optional, List of platform name(more: https://github.com/imaegoo/pushoo), such as: [4mwecom, dingtalk,feishu[24m.
  [36m-K, --tokens[39m                        Optional, List of token(more: https://github.com/imaegoo/pushoo), such as: [4mwecom_token, dingtalk_token,feishu_token[24m.
  [36m-T, --title[39m                         Optional, message title.
  [36m-O, --options[39m                       Optional, For some additional configuration when pushing, Json string.

  By default, [36mpushoo[39m If there is no corresponding parameter, read the configuration from the local configuration file to send.

  More information about the pushoo-cli can be found at: [36m[4mhttps://github.com/funnyzak/pushoo-cli[24m[39m, and the pushoo can be found at: [36m[4mhttps://github.com/imaegoo/pushoo[24m[39m.
"
`;
