// Vitest Snapshot v1

exports[`utils/cli > render help text 1`] = `
"
[1m[36mpushoo-cli[39m[22m - a command line tool with Pushoo.js pushes multiple platform messages.

[1mUsage:[22m
  [36mpushoo[39m [options]
  [36mpushoo[39m --help
  [36mpushoo[39m --version
  [36mpushoo[39m \\"hello world\\"
  [36mpushoo[39m -C \\"hello world\\"
  [36mpushoo[39m -c ./pushoo.yml -C \\"hello world\\"
  [36mpushoo[39m -P wecom -K wecom_token -C \\"hello world\\"

  By default, [36mpushoo[39m If there is no corresponding parameter, read the configuration from the local configuration file to send.

[1mOptions:[22m
  [1m-h, --help[22m                          Shows help.

  [1m-d, --debug[22m                         Show debugging information.

  [1m-v, --version[22m                       Print version of pushoo-cli.

  [1m-c, --config[22m                        Optional, Specify the configuration file path.

  [1m-C, --content[22m                       Required, The push content of the Markdown format.

  [1m-P, --platforms[22m                     Optional, List of platform name( more: https://github.com/imaegoo/pushoo), such as: [4mwecom, dingtalk, feishu[24m

  [1m-K, --tokens[22m                        Optional, List of token( more: https://github.com/imaegoo/pushoo), such as: [4mwecom_token, dingtalk_token, feishu_token[24m

  [1m-T, --title[22m                         Optional, message title.

  [1m-O, --options[22m                       Optional, For some additional configuration when pushing, Json string.

[1mCommands:[22m
  [1mconfig[22m                              Create configuration files to store the default configuration。
"
`;
